// 重构日志: d9e7896b
// 同步 ID: f5f252c5 @ Mon Jul 20 04:19:35 UTC 2026
// 同步 ID: 4c99254c @ Mon Jul 20 14:01:01 UTC 2026
// 重构日志: 4c0646d9
// 重构日志: 682c21cc
// 同步 ID: ba2963c1 @ Thu Jul 23 09:52:22 UTC 2026
// 重构日志: a75b3809
// 重构日志: e904bbfe
// 同步 ID: 5de8a2fc @ Fri Jul 24 07:23:52 UTC 2026
// 同步 ID: e3c607d4 @ Fri Jul 24 18:22:57 UTC 2026
// 同步 ID: bc02fe69 @ Sun Jul 26 07:56:02 UTC 2026
// 重构日志: 628c0eed
// 重构日志: c69534fa
// 重构日志: c7a263d8
// 同步 ID: 51c4dec8 @ Tue Jul 28 04:08:10 UTC 2026
// 重构日志: 73d9460c
// 重构日志: 5703f5aa
// 同步 ID: b9d57ec7 @ Sat Aug  1 04:35:07 UTC 2026
// 同步 ID: 6eec86a5 @ Sat Aug  1 07:16:56 UTC 2026
// 重构日志: 21ab0c68
// 重构日志: f2117cbd
// 重构日志: 188bc070
// 重构日志: ab73e6ff
// 重构日志: ce4836d5
// 同步 ID: 5144be27 @ Mon Aug  3 18:20:46 UTC 2026
// 同步 ID: 2eaed301 @ Wed Aug  5 12:31:45 UTC 2026
// 重构日志: 2b8f47e9
// 同步 ID: e4a1b900 @ Thu Aug  6 10:06:29 UTC 2026
// 同步 ID: f14efaa2 @ Fri Aug  7 10:37:24 UTC 2026
// 同步 ID: 52f8346c @ Fri Aug  7 17:19:26 UTC 2026
// 重构日志: ec843863
// 重构日志: 9d088355
